[    0.000000] Initializing cgroup subsys cpuset
[    0.000000] Initializing cgroup subsys cpu
[    0.000000] Initializing cgroup subsys cpuacct
[    0.000000] Linux version 3.10.17 (root@hive64) (gcc version 4.8.2 (GCC) ) #2 SMP Fri Feb 14 16:45:28 CST 2014
[    0.000000] Command line: BOOT_IMAGE=/slackware/vmlinuz-huge-3.10.17 root=/dev/sda4
[    0.000000] e820: BIOS-provided physical RAM map:
[    0.000000] BIOS-e820: [mem 0x0000000000000000-0x000000000009ffff] usable
[    0.000000] BIOS-e820: [mem 0x0000000000100000-0x000000009c95efff] usable
[    0.000000] BIOS-e820: [mem 0x000000009c95f000-0x000000009cd67fff] reserved
[    0.000000] BIOS-e820: [mem 0x000000009cd68000-0x000000009cd8bfff] ACPI data
[    0.000000] BIOS-e820: [mem 0x000000009cd8c000-0x000000009d2dcfff] ACPI NVS
[    0.000000] BIOS-e820: [mem 0x000000009d2dd000-0x000000009e42bfff] reserved
[    0.000000] BIOS-e820: [mem 0x000000009e42c000-0x000000009e48ffff] type 20
[    0.000000] BIOS-e820: [mem 0x000000009e490000-0x000000009e490fff] usable
[    0.000000] BIOS-e820: [mem 0x000000009e491000-0x000000009e498fff] ACPI NVS
[    0.000000] BIOS-e820: [mem 0x000000009e499000-0x000000009e8e1fff] usable
[    0.000000] BIOS-e820: [mem 0x000000009e8e2000-0x000000009eff2fff] reserved
[    0.000000] BIOS-e820: [mem 0x000000009eff3000-0x000000009effffff] usable
[    0.000000] BIOS-e820: [mem 0x00000000fec00000-0x00000000fec01fff] reserved
[    0.000000] BIOS-e820: [mem 0x00000000fec10000-0x00000000fec10fff] reserved
[    0.000000] BIOS-e820: [mem 0x00000000fed00000-0x00000000fed00fff] reserved
[    0.000000] BIOS-e820: [mem 0x00000000fed40000-0x00000000fed44fff] reserved
[    0.000000] BIOS-e820: [mem 0x00000000fed80000-0x00000000fed8ffff] reserved
[    0.000000] BIOS-e820: [mem 0x00000000ff000000-0x00000000ffffffff] reserved
[    0.000000] BIOS-e820: [mem 0x0000000100000000-0x000000013effffff] usable
[    0.000000] NX (Execute Disable) protection: active
[    0.000000] efi: EFI v2.31 by American Megatrends
[    0.000000] efi:  ACPI=0x9cd7e000  ACPI 2.0=0x9cd7e000  SMBIOS=0xf04c0  MPS=0xfd480 
[    0.000000] efi: mem00: type=3, attr=0xf, range=[0x0000000000000000-0x0000000000008000) (0MB)
[    0.000000] efi: mem01: type=7, attr=0xf, range=[0x0000000000008000-0x000000000003f000) (0MB)
[    0.000000] efi: mem02: type=4, attr=0xf, range=[0x000000000003f000-0x0000000000040000) (0MB)
[    0.000000] efi: mem03: type=3, attr=0xf, range=[0x0000000000040000-0x00000000000a0000) (0MB)
[    0.000000] efi: mem04: type=7, attr=0xf, range=[0x0000000000100000-0x0000000001000000) (15MB)
[    0.000000] efi: mem05: type=2, attr=0xf, range=[0x0000000001000000-0x0000000002779000) (23MB)
[    0.000000] efi: mem06: type=7, attr=0xf, range=[0x0000000002779000-0x0000000064e75000) (1574MB)
[    0.000000] efi: mem07: type=2, attr=0xf, range=[0x0000000064e75000-0x0000000088d4c000) (574MB)
[    0.000000] efi: mem08: type=7, attr=0xf, range=[0x0000000088d4c000-0x0000000088d52000) (0MB)
[    0.000000] efi: mem09: type=1, attr=0xf, range=[0x0000000088d52000-0x0000000088d6f000) (0MB)
[    0.000000] efi: mem10: type=7, attr=0xf, range=[0x0000000088d6f000-0x000000008ede5000) (96MB)
[    0.000000] efi: mem11: type=4, attr=0xf, range=[0x000000008ede5000-0x000000008ee19000) (0MB)
[    0.000000] efi: mem12: type=7, attr=0xf, range=[0x000000008ee19000-0x000000008ee33000) (0MB)
[    0.000000] efi: mem13: type=4, attr=0xf, range=[0x000000008ee33000-0x000000008ee6b000) (0MB)
[    0.000000] efi: mem14: type=7, attr=0xf, range=[0x000000008ee6b000-0x000000008ee73000) (0MB)
[    0.000000] efi: mem15: type=4, attr=0xf, range=[0x000000008ee73000-0x000000008ee95000) (0MB)
[    0.000000] efi: mem16: type=7, attr=0xf, range=[0x000000008ee95000-0x000000008ee9e000) (0MB)
[    0.000000] efi: mem17: type=4, attr=0xf, range=[0x000000008ee9e000-0x000000008eec2000) (0MB)
[    0.000000] efi: mem18: type=7, attr=0xf, range=[0x000000008eec2000-0x000000008eece000) (0MB)
[    0.000000] efi: mem19: type=4, attr=0xf, range=[0x000000008eece000-0x000000008eefd000) (0MB)
[    0.000000] efi: mem20: type=7, attr=0xf, range=[0x000000008eefd000-0x000000008ef0b000) (0MB)
[    0.000000] efi: mem21: type=4, attr=0xf, range=[0x000000008ef0b000-0x000000008ef35000) (0MB)
[    0.000000] efi: mem22: type=7, attr=0xf, range=[0x000000008ef35000-0x000000008ef4b000) (0MB)
[    0.000000] efi: mem23: type=4, attr=0xf, range=[0x000000008ef4b000-0x000000008ef85000) (0MB)
[    0.000000] efi: mem24: type=7, attr=0xf, range=[0x000000008ef85000-0x000000008ef99000) (0MB)
[    0.000000] efi: mem25: type=4, attr=0xf, range=[0x000000008ef99000-0x000000008efd1000) (0MB)
[    0.000000] efi: mem26: type=7, attr=0xf, range=[0x000000008efd1000-0x000000008efea000) (0MB)
[    0.000000] efi: mem27: type=4, attr=0xf, range=[0x000000008efea000-0x000000008f000000) (0MB)
[    0.000000] efi: mem28: type=7, attr=0xf, range=[0x000000008f000000-0x000000008f017000) (0MB)
[    0.000000] efi: mem29: type=4, attr=0xf, range=[0x000000008f017000-0x000000008f0ce000) (0MB)
[    0.000000] efi: mem30: type=7, attr=0xf, range=[0x000000008f0ce000-0x000000008f0d6000) (0MB)
[    0.000000] efi: mem31: type=4, attr=0xf, range=[0x000000008f0d6000-0x000000008f0f9000) (0MB)
[    0.000000] efi: mem32: type=7, attr=0xf, range=[0x000000008f0f9000-0x000000008f102000) (0MB)
[    0.000000] efi: mem33: type=4, attr=0xf, range=[0x000000008f102000-0x000000008f127000) (0MB)
[    0.000000] efi: mem34: type=7, attr=0xf, range=[0x000000008f127000-0x000000008f133000) (0MB)
[    0.000000] efi: mem35: type=4, attr=0xf, range=[0x000000008f133000-0x000000008f162000) (0MB)
[    0.000000] efi: mem36: type=7, attr=0xf, range=[0x000000008f162000-0x000000008f170000) (0MB)
[    0.000000] efi: mem37: type=4, attr=0xf, range=[0x000000008f170000-0x000000008f19a000) (0MB)
[    0.000000] efi: mem38: type=7, attr=0xf, range=[0x000000008f19a000-0x000000008f1ae000) (0MB)
[    0.000000] efi: mem39: type=4, attr=0xf, range=[0x000000008f1ae000-0x000000008f1ea000) (0MB)
[    0.000000] efi: mem40: type=7, attr=0xf, range=[0x000000008f1ea000-0x000000008f1fe000) (0MB)
[    0.000000] efi: mem41: type=4, attr=0xf, range=[0x000000008f1fe000-0x000000008f331000) (1MB)
[    0.000000] efi: mem42: type=7, attr=0xf, range=[0x000000008f331000-0x000000008f339000) (0MB)
[    0.000000] efi: mem43: type=4, attr=0xf, range=[0x000000008f339000-0x000000008f35c000) (0MB)
[    0.000000] efi: mem44: type=7, attr=0xf, range=[0x000000008f35c000-0x000000008f365000) (0MB)
[    0.000000] efi: mem45: type=4, attr=0xf, range=[0x000000008f365000-0x000000008f388000) (0MB)
[    0.000000] efi: mem46: type=7, attr=0xf, range=[0x000000008f388000-0x000000008f394000) (0MB)
[    0.000000] efi: mem47: type=4, attr=0xf, range=[0x000000008f394000-0x000000008f3c4000) (0MB)
[    0.000000] efi: mem48: type=7, attr=0xf, range=[0x000000008f3c4000-0x000000008f3d2000) (0MB)
[    0.000000] efi: mem49: type=4, attr=0xf, range=[0x000000008f3d2000-0x000000008f3fc000) (0MB)
[    0.000000] efi: mem50: type=7, attr=0xf, range=[0x000000008f3fc000-0x000000008f410000) (0MB)
[    0.000000] efi: mem51: type=4, attr=0xf, range=[0x000000008f410000-0x000000008f44d000) (0MB)
[    0.000000] efi: mem52: type=7, attr=0xf, range=[0x000000008f44d000-0x000000008f461000) (0MB)
[    0.000000] efi: mem53: type=4, attr=0xf, range=[0x000000008f461000-0x000000008f497000) (0MB)
[    0.000000] efi: mem54: type=7, attr=0xf, range=[0x000000008f497000-0x000000008f4b0000) (0MB)
[    0.000000] efi: mem55: type=4, attr=0xf, range=[0x000000008f4b0000-0x000000008f4e4000) (0MB)
[    0.000000] efi: mem56: type=7, attr=0xf, range=[0x000000008f4e4000-0x000000008f4f9000) (0MB)
[    0.000000] efi: mem57: type=4, attr=0xf, range=[0x000000008f4f9000-0x000000008f543000) (0MB)
[    0.000000] efi: mem58: type=7, attr=0xf, range=[0x000000008f543000-0x000000008f548000) (0MB)
[    0.000000] efi: mem59: type=4, attr=0xf, range=[0x000000008f548000-0x000000008f598000) (0MB)
[    0.000000] efi: mem60: type=7, attr=0xf, range=[0x000000008f598000-0x000000008f5a0000) (0MB)
[    0.000000] efi: mem61: type=4, attr=0xf, range=[0x000000008f5a0000-0x000000008f5c3000) (0MB)
[    0.000000] efi: mem62: type=7, attr=0xf, range=[0x000000008f5c3000-0x000000008f5cc000) (0MB)
[    0.000000] efi: mem63: type=4, attr=0xf, range=[0x000000008f5cc000-0x000000008f5ef000) (0MB)
[    0.000000] efi: mem64: type=7, attr=0xf, range=[0x000000008f5ef000-0x000000008f5fb000) (0MB)
[    0.000000] efi: mem65: type=4, attr=0xf, range=[0x000000008f5fb000-0x000000008f62a000) (0MB)
[    0.000000] efi: mem66: type=7, attr=0xf, range=[0x000000008f62a000-0x000000008f638000) (0MB)
[    0.000000] efi: mem67: type=4, attr=0xf, range=[0x000000008f638000-0x000000008f662000) (0MB)
[    0.000000] efi: mem68: type=7, attr=0xf, range=[0x000000008f662000-0x000000008f676000) (0MB)
[    0.000000] efi: mem69: type=4, attr=0xf, range=[0x000000008f676000-0x000000008f7a8000) (1MB)
[    0.000000] efi: mem70: type=7, attr=0xf, range=[0x000000008f7a8000-0x000000008f7ad000) (0MB)
[    0.000000] efi: mem71: type=4, attr=0xf, range=[0x000000008f7ad000-0x000000008f7fe000) (0MB)
[    0.000000] efi: mem72: type=7, attr=0xf, range=[0x000000008f7fe000-0x000000008f806000) (0MB)
[    0.000000] efi: mem73: type=4, attr=0xf, range=[0x000000008f806000-0x000000008f919000) (1MB)
[    0.000000] efi: mem74: type=7, attr=0xf, range=[0x000000008f919000-0x000000008f91b000) (0MB)
[    0.000000] efi: mem75: type=4, attr=0xf, range=[0x000000008f91b000-0x000000008fa67000) (1MB)
[    0.000000] efi: mem76: type=7, attr=0xf, range=[0x000000008fa67000-0x000000008fa6f000) (0MB)
[    0.000000] efi: mem77: type=4, attr=0xf, range=[0x000000008fa6f000-0x000000008fb31000) (0MB)
[    0.000000] efi: mem78: type=7, attr=0xf, range=[0x000000008fb31000-0x000000008fb37000) (0MB)
[    0.000000] efi: mem79: type=4, attr=0xf, range=[0x000000008fb37000-0x000000008fbca000) (0MB)
[    0.000000] efi: mem80: type=7, attr=0xf, range=[0x000000008fbca000-0x000000008fbcc000) (0MB)
[    0.000000] efi: mem81: type=4, attr=0xf, range=[0x000000008fbcc000-0x000000008fc22000) (0MB)
[    0.000000] efi: mem82: type=7, attr=0xf, range=[0x000000008fc22000-0x000000008fc23000) (0MB)
[    0.000000] efi: mem83: type=4, attr=0xf, range=[0x000000008fc23000-0x000000008fc83000) (0MB)
[    0.000000] efi: mem84: type=7, attr=0xf, range=[0x000000008fc83000-0x000000008fc87000) (0MB)
[    0.000000] efi: mem85: type=4, attr=0xf, range=[0x000000008fc87000-0x000000008fcdb000) (0MB)
[    0.000000] efi: mem86: type=7, attr=0xf, range=[0x000000008fcdb000-0x000000008fce3000) (0MB)
[    0.000000] efi: mem87: type=4, attr=0xf, range=[0x000000008fce3000-0x000000008fd6f000) (0MB)
[    0.000000] efi: mem88: type=7, attr=0xf, range=[0x000000008fd6f000-0x000000008fd71000) (0MB)
[    0.000000] efi: mem89: type=4, attr=0xf, range=[0x000000008fd71000-0x000000008fe41000) (0MB)
[    0.000000] efi: mem90: type=7, attr=0xf, range=[0x000000008fe41000-0x000000008fe43000) (0MB)
[    0.000000] efi: mem91: type=4, attr=0xf, range=[0x000000008fe43000-0x000000008ff43000) (1MB)
[    0.000000] efi: mem92: type=7, attr=0xf, range=[0x000000008ff43000-0x000000008ff4b000) (0MB)
[    0.000000] efi: mem93: type=4, attr=0xf, range=[0x000000008ff4b000-0x000000008ff9a000) (0MB)
[    0.000000] efi: mem94: type=7, attr=0xf, range=[0x000000008ff9a000-0x000000008ff9d000) (0MB)
[    0.000000] efi: mem95: type=4, attr=0xf, range=[0x000000008ff9d000-0x000000008ffd7000) (0MB)
[    0.000000] efi: mem96: type=7, attr=0xf, range=[0x000000008ffd7000-0x000000008ffd9000) (0MB)
[    0.000000] efi: mem97: type=4, attr=0xf, range=[0x000000008ffd9000-0x000000009005e000) (0MB)
[    0.000000] efi: mem98: type=7, attr=0xf, range=[0x000000009005e000-0x0000000090060000) (0MB)
[    0.000000] efi: mem99: type=4, attr=0xf, range=[0x0000000090060000-0x00000000900a7000) (0MB)
[    0.000000] efi: mem100: type=7, attr=0xf, range=[0x00000000900a7000-0x00000000900ac000) (0MB)
[    0.000000] efi: mem101: type=4, attr=0xf, range=[0x00000000900ac000-0x00000000901b3000) (1MB)
[    0.000000] efi: mem102: type=7, attr=0xf, range=[0x00000000901b3000-0x000000009086b000) (6MB)
[    0.000000] efi: mem103: type=4, attr=0xf, range=[0x000000009086b000-0x000000009bcaa000) (180MB)
[    0.000000] efi: mem104: type=7, attr=0xf, range=[0x000000009bcaa000-0x000000009c25a000) (5MB)
[    0.000000] efi: mem105: type=2, attr=0xf, range=[0x000000009c25a000-0x000000009c266000) (0MB)
[    0.000000] efi: mem106: type=3, attr=0xf, range=[0x000000009c266000-0x000000009c95f000) (6MB)
[    0.000000] efi: mem107: type=0, attr=0xf, range=[0x000000009c95f000-0x000000009ca2d000) (0MB)
[    0.000000] efi: mem108: type=0, attr=0xf, range=[0x000000009ca2d000-0x000000009cd68000) (3MB)
[    0.000000] efi: mem109: type=9, attr=0xf, range=[0x000000009cd68000-0x000000009cd7e000) (0MB)
[    0.000000] efi: mem110: type=9, attr=0xf, range=[0x000000009cd7e000-0x000000009cd8c000) (0MB)
[    0.000000] efi: mem111: type=10, attr=0xf, range=[0x000000009cd8c000-0x000000009cea4000) (1MB)
[    0.000000] efi: mem112: type=10, attr=0xf, range=[0x000000009cea4000-0x000000009d2dd000) (4MB)
[    0.000000] efi: mem113: type=6, attr=0x800000000000000f, range=[0x000000009d2dd000-0x000000009dd67000) (10MB)
[    0.000000] efi: mem114: type=6, attr=0x800000000000000f, range=[0x000000009dd67000-0x000000009e35c000) (5MB)
[    0.000000] efi: mem115: type=6, attr=0x800000000000000f, range=[0x000000009e35c000-0x000000009e360000) (0MB)
[    0.000000] efi: mem116: type=6, attr=0x800000000000000f, range=[0x000000009e360000-0x000000009e42c000) (0MB)
[    0.000000] efi: mem117: type=5, attr=0x800000000000000f, range=[0x000000009e42c000-0x000000009e441000) (0MB)
[    0.000000] efi: mem118: type=5, attr=0x800000000000000f, range=[0x000000009e441000-0x000000009e490000) (0MB)
[    0.000000] efi: mem119: type=4, attr=0xf, range=[0x000000009e490000-0x000000009e491000) (0MB)
[    0.000000] efi: mem120: type=10, attr=0xf, range=[0x000000009e491000-0x000000009e499000) (0MB)
[    0.000000] efi: mem121: type=4, attr=0xf, range=[0x000000009e499000-0x000000009e5ee000) (1MB)
[    0.000000] efi: mem122: type=3, attr=0xf, range=[0x000000009e5ee000-0x000000009e89a000) (2MB)
[    0.000000] efi: mem123: type=4, attr=0xf, range=[0x000000009e89a000-0x000000009e8b9000) (0MB)
[    0.000000] efi: mem124: type=3, attr=0xf, range=[0x000000009e8b9000-0x000000009e8d5000) (0MB)
[    0.000000] efi: mem125: type=4, attr=0xf, range=[0x000000009e8d5000-0x000000009e8d6000) (0MB)
[    0.000000] efi: mem126: type=3, attr=0xf, range=[0x000000009e8d6000-0x000000009e8d8000) (0MB)
[    0.000000] efi: mem127: type=4, attr=0xf, range=[0x000000009e8d8000-0x000000009e8e2000) (0MB)
[    0.000000] efi: mem128: type=6, attr=0x800000000000000f, range=[0x000000009e8e2000-0x000000009eff3000) (7MB)
[    0.000000] efi: mem129: type=4, attr=0xf, range=[0x000000009eff3000-0x000000009f000000) (0MB)
[    0.000000] efi: mem130: type=7, attr=0xf, range=[0x0000000100000000-0x000000013f000000) (1008MB)
[    0.000000] efi: mem131: type=11, attr=0x8000000000000001, range=[0x00000000fec00000-0x00000000fec01000) (0MB)
[    0.000000] efi: mem132: type=11, attr=0x8000000000000001, range=[0x00000000fec01000-0x00000000fec02000) (0MB)
[    0.000000] efi: mem133: type=11, attr=0x8000000000000001, range=[0x00000000fec10000-0x00000000fec11000) (0MB)
[    0.000000] efi: mem134: type=11, attr=0x8000000000000001, range=[0x00000000fed00000-0x00000000fed01000) (0MB)
[    0.000000] efi: mem135: type=11, attr=0x8000000000000001, range=[0x00000000fed40000-0x00000000fed45000) (0MB)
[    0.000000] efi: mem136: type=11, attr=0x8000000000000001, range=[0x00000000fed80000-0x00000000fed81000) (0MB)
[    0.000000] efi: mem137: type=11, attr=0x8000000000000001, range=[0x00000000fed81000-0x00000000fed90000) (0MB)
[    0.000000] efi: mem138: type=11, attr=0x8000000000000001, range=[0x00000000ff000000-0x0000000100000000) (16MB)
[    0.000000] SMBIOS 2.7 present.
[    0.000000] DMI: ASUS All Series/AM1M-A, BIOS 1001 11/25/2014
[    0.000000] e820: update [mem 0x00000000-0x00000fff] usable ==> reserved
[    0.000000] e820: remove [mem 0x000a0000-0x000fffff] usable
[    0.000000] No AGP bridge found
[    0.000000] e820: last_pfn = 0x13f000 max_arch_pfn = 0x400000000
[    0.000000] MTRR default type: uncachable
[    0.000000] MTRR fixed ranges enabled:
[    0.000000]   00000-9FFFF write-back
[    0.000000]   A0000-BFFFF write-through
[    0.000000]   C0000-CEFFF write-protect
[    0.000000]   CF000-DFFFF uncachable
[    0.000000]   E0000-FFFFF write-protect
[    0.000000] MTRR variable ranges enabled:
[    0.000000]   0 base 0000000000 mask FF80000000 write-back
[    0.000000]   1 base 0080000000 mask FFE0000000 write-back
[    0.000000]   2 disabled
[    0.000000]   3 disabled
[    0.000000]   4 disabled
[    0.000000]   5 disabled
[    0.000000]   6 disabled
[    0.000000]   7 disabled
[    0.000000] TOM2: 000000013f000000 aka 5104M
[    0.000000] x86 PAT enabled: cpu 0, old 0x7040600070406, new 0x7010600070106
[    0.000000] e820: update [mem 0xa0000000-0xffffffff] usable ==> reserved
[    0.000000] e820: last_pfn = 0x9f000 max_arch_pfn = 0x400000000
[    0.000000] found SMP MP-table at [mem 0x000fd6e0-0x000fd6ef] mapped at [ffff8800000fd6e0]
[    0.000000] Base memory trampoline at [ffff880000098000] 98000 size 24576
[    0.000000] Using GB pages for direct mapping
[    0.000000] init_memory_mapping: [mem 0x00000000-0x000fffff]
[    0.000000]  [mem 0x00000000-0x000fffff] page 4k
[    0.000000] BRK [0x0236d000, 0x0236dfff] PGTABLE
[    0.000000] BRK [0x0236e000, 0x0236efff] PGTABLE
[    0.000000] BRK [0x0236f000, 0x0236ffff] PGTABLE
[    0.000000] init_memory_mapping: [mem 0x13ee00000-0x13effffff]
[    0.000000]  [mem 0x13ee00000-0x13effffff] page 2M
[    0.000000] BRK [0x02370000, 0x02370fff] PGTABLE
[    0.000000] init_memory_mapping: [mem 0x13c000000-0x13edfffff]
[    0.000000]  [mem 0x13c000000-0x13edfffff] page 2M
[    0.000000] init_memory_mapping: [mem 0x100000000-0x13bffffff]
[    0.000000]  [mem 0x100000000-0x13bffffff] page 2M
[    0.000000] init_memory_mapping: [mem 0x00100000-0x9c95efff]
[    0.000000]  [mem 0x00100000-0x001fffff] page 4k
[    0.000000]  [mem 0x00200000-0x3fffffff] page 2M
[    0.000000]  [mem 0x40000000-0x7fffffff] page 1G
[    0.000000]  [mem 0x80000000-0x9c7fffff] page 2M
[    0.000000]  [mem 0x9c800000-0x9c95efff] page 4k
[    0.000000] init_memory_mapping: [mem 0x9e490000-0x9e490fff]
[    0.000000]  [mem 0x9e490000-0x9e490fff] page 4k
[    0.000000] BRK [0x02371000, 0x02371fff] PGTABLE
[    0.000000] init_memory_mapping: [mem 0x9e499000-0x9e8e1fff]
[    0.000000]  [mem 0x9e499000-0x9e5fffff] page 4k
[    0.000000]  [mem 0x9e600000-0x9e7fffff] page 2M
[    0.000000]  [mem 0x9e800000-0x9e8e1fff] page 4k
[    0.000000] BRK [0x02372000, 0x02372fff] PGTABLE
[    0.000000] init_memory_mapping: [mem 0x9eff3000-0x9effffff]
[    0.000000]  [mem 0x9eff3000-0x9effffff] page 4k
[    0.000000] ACPI: RSDP 000000009cd7e000 00024 (v02 ALASKA)
[    0.000000] ACPI: XSDT 000000009cd7e080 00074 (v01 ALASKA    A M I 01072009 AMI  00010013)
[    0.000000] ACPI: FACP 000000009cd84df8 0010C (v05 ALASKA    A M I 01072009 AMI  00010013)
[    0.000000] ACPI BIOS Bug: Warning: Optional FADT field Pm2ControlBlock has zero address or length: 0x0000000000000000/0x1 (20130328/tbfadt-603)
[    0.000000] ACPI: DSDT 000000009cd7e188 06C6A (v02 ALASKA    A M I 00000000 INTL 20051117)
[    0.000000] ACPI: FACS 000000009d2d3e80 00040
[    0.000000] ACPI: APIC 000000009cd84f08 0007E (v03 ALASKA    A M I 01072009 AMI  00010013)
[    0.000000] ACPI: FPDT 000000009cd84f88 00044 (v01 ALASKA    A M I 01072009 AMI  00010013)
[    0.000000] ACPI: MCFG 000000009cd84fd0 0003C (v01 ALASKA    A M I 01072009 MSFT 00010013)
[    0.000000] ACPI: HPET 000000009cd85010 00038 (v01 ALASKA    A M I 01072009 AMI  00000005)
[    0.000000] ACPI: SSDT 000000009cd8a990 01204 (v01    AMD   CPMCMN 00000001 INTL 20051117)
[    0.000000] ACPI: BGRT 000000009cd850a0 00038 (v00 ALASKA    A M I 01072009 AMI  00010013)
[    0.000000] ACPI: SSDT 000000009cd850d8 00E58 (v01 AMD    AGESA    00000001 AMD  00000001)
[    0.000000] ACPI: SSDT 000000009cd85f30 046B7 (v02 AMD    AGESA    00000002 MSFT 04000000)
[    0.000000] ACPI: CRAT 000000009cd8a5e8 003A8 (v01 AMD    AGESA    00000001 AMD  00000001)
[    0.000000] ACPI: Local APIC address 0xfee00000
[    0.000000]  [ffffea0000000000-ffffea0004ffffff] PMD -> [ffff88013ae00000-ffff88013e5fffff] on node 0
[    0.000000] Zone ranges:
[    0.000000]   DMA      [mem 0x00001000-0x00ffffff]
[    0.000000]   DMA32    [mem 0x01000000-0xffffffff]
[    0.000000]   Normal   [mem 0x100000000-0x13effffff]
[    0.000000] Movable zone start for each node
[    0.000000] Early memory node ranges
[    0.000000]   node   0: [mem 0x00001000-0x0009ffff]
[    0.000000]   node   0: [mem 0x00100000-0x9c95efff]
[    0.000000]   node   0: [mem 0x9e490000-0x9e490fff]
[    0.000000]   node   0: [mem 0x9e499000-0x9e8e1fff]
[    0.000000]   node   0: [mem 0x9eff3000-0x9effffff]
[    0.000000]   node   0: [mem 0x100000000-0x13effffff]
[    0.000000] On node 0 totalpages: 900437
[    0.000000]   DMA zone: 64 pages used for memmap
[    0.000000]   DMA zone: 26 pages reserved
[    0.000000]   DMA zone: 3999 pages, LIFO batch:0
[    0.000000]   DMA32 zone: 9975 pages used for memmap
[    0.000000]   DMA32 zone: 638390 pages, LIFO batch:31
[    0.000000]   Normal zone: 4032 pages used for memmap
[    0.000000]   Normal zone: 258048 pages, LIFO batch:31
[    0.000000] ACPI: PM-Timer IO Port: 0x808
[    0.000000] ACPI: Local APIC address 0xfee00000
[    0.000000] ACPI: LAPIC (acpi_id[0x01] lapic_id[0x00] enabled)
[    0.000000] ACPI: LAPIC (acpi_id[0x02] lapic_id[0x01] enabled)
[    0.000000] ACPI: LAPIC (acpi_id[0x03] lapic_id[0x02] enabled)
[    0.000000] ACPI: LAPIC (acpi_id[0x04] lapic_id[0x03] enabled)
[    0.000000] ACPI: LAPIC_NMI (acpi_id[0xff] high edge lint[0x1])
[    0.000000] ACPI: IOAPIC (id[0x05] address[0xfec00000] gsi_base[0])
[    0.000000] IOAPIC[0]: apic_id 5, version 33, address 0xfec00000, GSI 0-23
[    0.000000] ACPI: IOAPIC (id[0x06] address[0xfec01000] gsi_base[24])
[    0.000000] IOAPIC[1]: apic_id 6, version 33, address 0xfec01000, GSI 24-55
[    0.000000] ACPI: INT_SRC_OVR (bus 0 bus_irq 0 global_irq 2 dfl dfl)
[    0.000000] ACPI: INT_SRC_OVR (bus 0 bus_irq 9 global_irq 9 low level)
[    0.000000] ACPI: IRQ0 used by override.
[    0.000000] ACPI: IRQ2 used by override.
[    0.000000] ACPI: IRQ9 used by override.
[    0.000000] Using ACPI (MADT) for SMP configuration information
[    0.000000] ACPI: HPET id: 0x10228210 base: 0xfed00000
[    0.000000] smpboot: Allowing 4 CPUs, 0 hotplug CPUs
[    0.000000] nr_irqs_gsi: 72
[    0.000000] PM: Registered nosave memory: 00000000000a0000 - 0000000000100000
[    0.000000] PM: Registered nosave memory: 000000009c95f000 - 000000009cd68000
[    0.000000] PM: Registered nosave memory: 000000009cd68000 - 000000009cd8c000
[    0.000000] PM: Registered nosave memory: 000000009cd8c000 - 000000009d2dd000
[    0.000000] PM: Registered nosave memory: 000000009d2dd000 - 000000009e42c000
[    0.000000] PM: Registered nosave memory: 000000009e42c000 - 000000009e490000
[    0.000000] PM: Registered nosave memory: 000000009e491000 - 000000009e499000
[    0.000000] PM: Registered nosave memory: 000000009e8e2000 - 000000009eff3000
[    0.000000] PM: Registered nosave memory: 000000009f000000 - 00000000fec00000
[    0.000000] PM: Registered nosave memory: 00000000fec00000 - 00000000fec02000
[    0.000000] PM: Registered nosave memory: 00000000fec02000 - 00000000fec10000
[    0.000000] PM: Registered nosave memory: 00000000fec10000 - 00000000fec11000
[    0.000000] PM: Registered nosave memory: 00000000fec11000 - 00000000fed00000
[    0.000000] PM: Registered nosave memory: 00000000fed00000 - 00000000fed01000
[    0.000000] PM: Registered nosave memory: 00000000fed01000 - 00000000fed40000
[    0.000000] PM: Registered nosave memory: 00000000fed40000 - 00000000fed45000
[    0.000000] PM: Registered nosave memory: 00000000fed45000 - 00000000fed80000
[    0.000000] PM: Registered nosave memory: 00000000fed80000 - 00000000fed90000
[    0.000000] PM: Registered nosave memory: 00000000fed90000 - 00000000ff000000
[    0.000000] PM: Registered nosave memory: 00000000ff000000 - 0000000100000000
[    0.000000] e820: [mem 0x9f000000-0xfebfffff] available for PCI devices
[    0.000000] setup_percpu: NR_CPUS:128 nr_cpumask_bits:128 nr_cpu_ids:4 nr_node_ids:1
[    0.000000] PERCPU: Embedded 27 pages/cpu @ffff88013ec00000 s79424 r8192 d22976 u524288
[    0.000000] pcpu-alloc: s79424 r8192 d22976 u524288 alloc=1*2097152
[    0.000000] pcpu-alloc: [0] 0 1 2 3 
[    0.000000] Built 1 zonelists in Zone order, mobility grouping on.  Total pages: 886340
[    0.000000] Kernel command line: BOOT_IMAGE=/slackware/vmlinuz-huge-3.10.17 root=/dev/sda4
[    0.000000] PID hash table entries: 4096 (order: 3, 32768 bytes)
[    0.000000] Dentry cache hash table entries: 524288 (order: 10, 4194304 bytes)
[    0.000000] Inode-cache hash table entries: 262144 (order: 9, 2097152 bytes)
[    0.000000] xsave: enabled xstate_bv 0x7, cntxt size 0x340
[    0.000000] Checking aperture...
[    0.000000] No AGP bridge found
[    0.000000] Node 0: aperture @ 0 size 32 MB
[    0.000000] Your BIOS doesn't leave a aperture memory hole
[    0.000000] Please enable the IOMMU option in the BIOS setup
[    0.000000] This costs you 64 MB of RAM
[    0.000000] Mapping aperture over 65536 KB of RAM @ 84000000
[    0.000000] PM: Registered nosave memory: 0000000084000000 - 0000000088000000
[    0.000000] Memory: 3171548k/5226496k available (11721k kernel code, 1624748k absent, 430200k reserved, 5712k data, 1268k init)
[    0.000000] SLUB: HWalign=64, Order=0-3, MinObjects=0, CPUs=4, Nodes=1
[    0.000000] Hierarchical RCU implementation.
[    0.000000] 	CONFIG_RCU_FANOUT set to non-default value of 32
[    0.000000] 	RCU restricting CPUs from NR_CPUS=128 to nr_cpu_ids=4.
[    0.000000] NR_IRQS:8448 nr_irqs:1024 16
[    0.000000] Console: colour dummy device 80x25
[    0.000000] console [tty0] enabled
[    0.000000] hpet clockevent registered
[    0.000000] tsc: Fast TSC calibration using PIT
[    0.001000] tsc: Detected 2046.244 MHz processor
[    0.000003] Calibrating delay loop (skipped), value calculated using timer frequency.. 4092.48 BogoMIPS (lpj=2046244)
[    0.000013] pid_max: default: 32768 minimum: 301
[    0.000038] init_memory_mapping: [mem 0x9d2dd000-0x9e42bfff]
[    0.000044]  [mem 0x9d2dd000-0x9d3fffff] page 4k
[    0.000047]  [mem 0x9d400000-0x9e3fffff] page 2M
[    0.000049]  [mem 0x9e400000-0x9e42bfff] page 4k
[    0.000080] init_memory_mapping: [mem 0x9e42c000-0x9e48ffff]
[    0.000085]  [mem 0x9e42c000-0x9e48ffff] page 4k
[    0.000097] init_memory_mapping: [mem 0x9e8e2000-0x9eff2fff]
[    0.000102]  [mem 0x9e8e2000-0x9e9fffff] page 4k
[    0.000104]  [mem 0x9ea00000-0x9edfffff] page 2M
[    0.000106]  [mem 0x9ee00000-0x9eff2fff] page 4k
[    0.004391] Security Framework initialized
[    0.004410] Mount-cache hash table entries: 256
[    0.004646] Initializing cgroup subsys devices
[    0.004652] Initializing cgroup subsys freezer
[    0.004657] Initializing cgroup subsys net_cls
[    0.004662] Initializing cgroup subsys blkio
[    0.004667] Initializing cgroup subsys perf_event
[    0.004703] tseg: 009f000000
[    0.004706] CPU: Physical Processor ID: 0
[    0.004710] CPU: Processor Core ID: 0
[    0.004715] mce: CPU supports 6 MCE banks
[    0.004725] LVT offset 1 assigned for vector 0xf9
[    0.004734] Last level iTLB entries: 4KB 512, 2MB 8, 4MB 4
[    0.004734] Last level dTLB entries: 4KB 512, 2MB 256, 4MB 128
[    0.004734] tlb_flushall_shift: 5
[    0.004876] Freeing SMP alternatives: 36k freed
[    0.004894] ACPI: Core revision 20130328
[    0.013219] ACPI: All ACPI Tables successfully acquired
[    0.027558] ftrace: allocating 36374 entries in 143 pages
[    0.049429] ..TIMER: vector=0x30 apic1=0 pin1=2 apic2=-1 pin2=-1
[    0.059434] smpboot: CPU0: AMD Athlon(tm) 5350 APU with Radeon(tm) R3 (fam: 16, model: 00, stepping: 01)
[    0.160806] Performance Events: AMD PMU driver.
[    0.160815] ... version:                0
[    0.160818] ... bit width:              48
[    0.160821] ... generic registers:      4
[    0.160825] ... value mask:             0000ffffffffffff
[    0.160828] ... max period:             00007fffffffffff
[    0.160831] ... fixed-purpose events:   0
[    0.160834] ... event mask:             000000000000000f
[    0.161073] MCE: In-kernel MCE decoding enabled.
[    0.161188] smpboot: Booting Node   0, Processors  #1 #2 #3 OK
[    0.200945] Brought up 4 CPUs
[    0.200957] smpboot: Total of 4 processors activated (16369.95 BogoMIPS)
[    0.201810] devtmpfs: initialized
[    0.203738] PM: Registering ACPI NVS region [mem 0x9cd8c000-0x9d2dcfff] (5574656 bytes)
[    0.203876] PM: Registering ACPI NVS region [mem 0x9e491000-0x9e498fff] (32768 bytes)
[    0.204201] xor: automatically using best checksumming function:
[    0.213736]    avx       :  6028.000 MB/sec
[    0.213744] atomic64 test passed for x86-64 platform with CX8 and with SSE
[    0.213813] regulator-dummy: no parameters
[    0.213888] NET: Registered protocol family 16
[    0.214055] ACPI: bus type PCI registered
[    0.214060] acpiphp: ACPI Hot Plug PCI Controller Driver version: 0.5
[    0.214151] PCI: MMCONFIG for domain 0000 [bus 00-ff] at [mem 0xe0000000-0xefffffff] (base 0xe0000000)
[    0.214159] PCI: not using MMCONFIG
[    0.214162] PCI: Using configuration type 1 for base access
[    0.214165] PCI: Using configuration type 1 for extended access
[    0.219071] bio: create slab <bio-0> at 0
[    0.235724] raid6: sse2x1    3289 MB/s
[    0.252705] raid6: sse2x2    3679 MB/s
[    0.269678] raid6: sse2x4    4589 MB/s
[    0.269682] raid6: using algorithm sse2x4 (4589 MB/s)
[    0.269686] raid6: using ssse3x2 recovery algorithm
[    0.269755] ACPI: Added _OSI(Module Device)
[    0.269760] ACPI: Added _OSI(Processor Device)
[    0.269764] ACPI: Added _OSI(3.0 _SCP Extensions)
[    0.269771] ACPI: Added _OSI(Processor Aggregator Device)
[    0.271184] ACPI: EC: Look up EC in DSDT
[    0.273024] ACPI: Executed 1 blocks of module-level executable AML code
[    0.279832] ACPI: Interpreter enabled
[    0.279846] ACPI Exception: AE_NOT_FOUND, While evaluating Sleep State [\_S1_] (20130328/hwxface-568)
[    0.279856] ACPI Exception: AE_NOT_FOUND, While evaluating Sleep State [\_S2_] (20130328/hwxface-568)
[    0.279880] ACPI: (supports S0 S3 S4 S5)
[    0.279885] ACPI: Using IOAPIC for interrupt routing
[    0.279917] PCI: MMCONFIG for domain 0000 [bus 00-ff] at [mem 0xe0000000-0xefffffff] (base 0xe0000000)
[    0.279983] PCI: MMCONFIG at [mem 0xe0000000-0xefffffff] reserved in ACPI motherboard resources
[    0.298628] PCI: Using host bridge windows from ACPI; if necessary, use "pci=nocrs" and report a bug
[    0.298760] ACPI: No dock devices found.
[    0.309725] ACPI: PCI Root Bridge [PCI0] (domain 0000 [bus 00-ff])
[    0.310363] PCI host bridge to bus 0000:00
[    0.310372] pci_bus 0000:00: root bus resource [bus 00-ff]
[    0.310377] pci_bus 0000:00: root bus resource [io  0x0000-0x03af]
[    0.310383] pci_bus 0000:00: root bus resource [io  0x03e0-0x0cf7]
[    0.310388] pci_bus 0000:00: root bus resource [io  0x03b0-0x03df]
[    0.310392] pci_bus 0000:00: root bus resource [io  0x0d00-0xffff]
[    0.310397] pci_bus 0000:00: root bus resource [mem 0x000a0000-0x000bffff]
[    0.310402] pci_bus 0000:00: root bus resource [mem 0x000c0000-0x000dffff]
[    0.310410] pci_bus 0000:00: root bus resource [mem 0xc0000000-0xffffffff]
[    0.310425] pci 0000:00:00.0: [1022:1536] type 00 class 0x060000
[    0.310557] pci 0000:00:01.0: [1002:9830] type 00 class 0x030000
[    0.310577] pci 0000:00:01.0: reg 10: [mem 0xc0000000-0xcfffffff 64bit pref]
[    0.310592] pci 0000:00:01.0: reg 18: [mem 0xd0000000-0xd07fffff 64bit pref]
[    0.310602] pci 0000:00:01.0: reg 20: [io  0xf000-0xf0ff]
[    0.310612] pci 0000:00:01.0: reg 24: [mem 0xfeb00000-0xfeb3ffff]
[    0.310622] pci 0000:00:01.0: reg 30: [mem 0xfeb40000-0xfeb5ffff pref]
[    0.310667] pci 0000:00:01.0: supports D1 D2
[    0.310671] pci 0000:00:01.0: PME# supported from D1 D2 D3hot
[    0.310765] pci 0000:00:01.1: [1002:9840] type 00 class 0x040300
[    0.310783] pci 0000:00:01.1: reg 10: [mem 0xfeb64000-0xfeb67fff 64bit]
[    0.310857] pci 0000:00:01.1: supports D1 D2
[    0.310943] pci 0000:00:02.0: [1022:1538] type 00 class 0x060000
[    0.311060] pci 0000:00:02.4: [1022:1439] type 01 class 0x060400
[    0.311151] pci 0000:00:02.4: PME# supported from D0 D3hot D3cold
[    0.311253] pci 0000:00:02.5: [1022:1439] type 01 class 0x060400
[    0.311343] pci 0000:00:02.5: PME# supported from D0 D3hot D3cold
[    0.311471] pci 0000:00:10.0: [1022:7814] type 00 class 0x0c0330
[    0.311495] pci 0000:00:10.0: reg 10: [mem 0xfeb68000-0xfeb69fff 64bit]
[    0.311606] pci 0000:00:10.0: PME# supported from D0 D3hot D3cold
[    0.311675] pci 0000:00:10.0: System wakeup disabled by ACPI
[    0.311736] pci 0000:00:11.0: [1022:7801] type 00 class 0x010601
[    0.311760] pci 0000:00:11.0: reg 10: [io  0xf140-0xf147]
[    0.311771] pci 0000:00:11.0: reg 14: [io  0xf130-0xf133]
[    0.311782] pci 0000:00:11.0: reg 18: [io  0xf120-0xf127]
[    0.311793] pci 0000:00:11.0: reg 1c: [io  0xf110-0xf113]
[    0.311804] pci 0000:00:11.0: reg 20: [io  0xf100-0xf10f]
[    0.311815] pci 0000:00:11.0: reg 24: [mem 0xfeb6e000-0xfeb6e3ff]
[    0.311873] pci 0000:00:11.0: PME# supported from D3hot
[    0.311964] pci 0000:00:12.0: [1022:7807] type 00 class 0x0c0310
[    0.311980] pci 0000:00:12.0: reg 10: [mem 0xfeb6d000-0xfeb6dfff]
[    0.312085] pci 0000:00:12.0: System wakeup disabled by ACPI
[    0.312140] pci 0000:00:12.2: [1022:7808] type 00 class 0x0c0320
[    0.312162] pci 0000:00:12.2: reg 10: [mem 0xfeb6c000-0xfeb6c0ff]
[    0.312249] pci 0000:00:12.2: supports D1 D2
[    0.312252] pci 0000:00:12.2: PME# supported from D0 D1 D2 D3hot D3cold
[    0.312308] pci 0000:00:12.2: System wakeup disabled by ACPI
[    0.312357] pci 0000:00:13.0: [1022:7807] type 00 class 0x0c0310
[    0.312373] pci 0000:00:13.0: reg 10: [mem 0xfeb6b000-0xfeb6bfff]
[    0.312478] pci 0000:00:13.0: System wakeup disabled by ACPI
[    0.312527] pci 0000:00:13.2: [1022:7808] type 00 class 0x0c0320
[    0.312549] pci 0000:00:13.2: reg 10: [mem 0xfeb6a000-0xfeb6a0ff]
[    0.312640] pci 0000:00:13.2: supports D1 D2
[    0.312643] pci 0000:00:13.2: PME# supported from D0 D1 D2 D3hot D3cold
[    0.312699] pci 0000:00:13.2: System wakeup disabled by ACPI
[    0.312747] pci 0000:00:14.0: [1022:780b] type 00 class 0x0c0500
[    0.312890] pci 0000:00:14.2: [1022:780d] type 00 class 0x040300
[    0.312914] pci 0000:00:14.2: reg 10: [mem 0xfeb60000-0xfeb63fff 64bit]
[    0.312985] pci 0000:00:14.2: PME# supported from D0 D3hot D3cold
[    0.313037] pci 0000:00:14.2: System wakeup disabled by ACPI
[    0.313079] pci 0000:00:14.3: [1022:780e] type 00 class 0x060100
[    0.313232] pci 0000:00:18.0: [1022:1530] type 00 class 0x060000
[    0.313328] pci 0000:00:18.1: [1022:1531] type 00 class 0x060000
[    0.313421] pci 0000:00:18.2: [1022:1532] type 00 class 0x060000
[    0.313515] pci 0000:00:18.3: [1022:1533] type 00 class 0x060000
[    0.313616] pci 0000:00:18.4: [1022:1534] type 00 class 0x060000
[    0.313716] pci 0000:00:18.5: [1022:1535] type 00 class 0x060000
[    0.313914] pci 0000:01:00.0: [10ec:8168] type 00 class 0x020000
[    0.313934] pci 0000:01:00.0: reg 10: [io  0xe000-0xe0ff]
[    0.313965] pci 0000:01:00.0: reg 18: [mem 0xfea00000-0xfea00fff 64bit]
[    0.313985] pci 0000:01:00.0: reg 20: [mem 0xd0800000-0xd0803fff 64bit pref]
[    0.314067] pci 0000:01:00.0: supports D1 D2
[    0.314070] pci 0000:01:00.0: PME# supported from D0 D1 D2 D3hot D3cold
[    0.314107] pci 0000:01:00.0: System wakeup disabled by ACPI
[    0.315659] pci 0000:00:02.4: PCI bridge to [bus 01]
[    0.315670] pci 0000:00:02.4:   bridge window [io  0xe000-0xefff]
[    0.315676] pci 0000:00:02.4:   bridge window [mem 0xfea00000-0xfeafffff]
[    0.315684] pci 0000:00:02.4:   bridge window [mem 0xd0800000-0xd08fffff 64bit pref]
[    0.315797] pci 0000:02:00.0: [1b21:1142] type 00 class 0x0c0330
[    0.315826] pci 0000:02:00.0: reg 10: [mem 0xfe900000-0xfe907fff 64bit]
[    0.315957] pci 0000:02:00.0: PME# supported from D3cold
[    0.315995] pci 0000:02:00.0: System wakeup disabled by ACPI
[    0.317653] pci 0000:00:02.5: PCI bridge to [bus 02]
[    0.317666] pci 0000:00:02.5:   bridge window [mem 0xfe900000-0xfe9fffff]
[    0.317686] pci_bus 0000:00: on NUMA node 0
[    0.317822] acpi PNP0A08:00: Requesting ACPI _OSC control (0x1d)
[    0.318189] acpi PNP0A08:00: ACPI _OSC control (0x19) granted
[    0.318818] ACPI: PCI Interrupt Link [LNKA] (IRQs 4 7 10 11 *14 15)
[    0.318923] ACPI: PCI Interrupt Link [LNKB] (IRQs 4 7 *10 11 14 15)
[    0.319030] ACPI: PCI Interrupt Link [LNKC] (IRQs 4 7 10 *11 14 15)
[    0.319137] ACPI: PCI Interrupt Link [LNKD] (IRQs 4 7 10 11 14 *15)
[    0.319226] ACPI: PCI Interrupt Link [LNKE] (IRQs 4 7 10 *11 14 15)
[    0.319300] ACPI: PCI Interrupt Link [LNKF] (IRQs 4 7 *10 11 14 15)
[    0.319373] ACPI: PCI Interrupt Link [LNKG] (IRQs 4 7 10 11 14 15) *0
[    0.319447] ACPI: PCI Interrupt Link [LNKH] (IRQs 4 7 10 11 14 15) *0
[    0.319844] acpi root: \_SB_.PCI0 notify handler is installed
[    0.319896] Found 1 acpi root devices
[    0.320016] vgaarb: device added: PCI:0000:00:01.0,decodes=io+mem,owns=io+mem,locks=none
[    0.320025] vgaarb: loaded
[    0.320028] vgaarb: bridge control possible 0000:00:01.0
[    0.320116] SCSI subsystem initialized
[    0.320122] ACPI: bus type ATA registered
[    0.320216] libata version 3.00 loaded.
[    0.320222] ACPI: bus type USB registered
[    0.320256] usbcore: registered new interface driver usbfs
[    0.320272] usbcore: registered new interface driver hub
[    0.320341] usbcore: registered new device driver usb
[    0.320498] PCI: Using ACPI for IRQ routing
[    0.329308] PCI: pci_cache_line_size set to 64 bytes
[    0.329371] e820: reserve RAM buffer [mem 0x9c95f000-0x9fffffff]
[    0.329375] e820: reserve RAM buffer [mem 0x9e491000-0x9fffffff]
[    0.329378] e820: reserve RAM buffer [mem 0x9e8e2000-0x9fffffff]
[    0.329380] e820: reserve RAM buffer [mem 0x9f000000-0x9fffffff]
[    0.329382] e820: reserve RAM buffer [mem 0x13f000000-0x13fffffff]
[    0.329550] hpet0: at MMIO 0xfed00000, IRQs 2, 8, 0
[    0.329558] hpet0: 3 comparators, 32-bit 14.318180 MHz counter
[    0.331588] Switching to clocksource hpet
[    0.338441] pnp: PnP ACPI init
[    0.338469] ACPI: bus type PNP registered
[    0.338648] system 00:00: [mem 0xe0000000-0xefffffff] has been reserved
[    0.338657] system 00:00: Plug and Play ACPI device, IDs PNP0c01 (active)
[    0.338766] system 00:01: [mem 0xa0000000-0xbfffffff] has been reserved
[    0.338773] system 00:01: Plug and Play ACPI device, IDs PNP0c02 (active)
[    0.339010] system 00:02: [io  0x0300-0x031f] has been reserved
[    0.339017] system 00:02: [io  0x0290-0x029f] has been reserved
[    0.339022] system 00:02: [io  0x0230-0x023f] has been reserved
[    0.339028] system 00:02: Plug and Play ACPI device, IDs PNP0c02 (active)
[    0.339477] pnp 00:03: [dma 0 disabled]
[    0.339649] pnp 00:03: Plug and Play ACPI device, IDs PNP0400 (active)
[    0.339698] system 00:04: Plug and Play ACPI device, IDs PNP0c02 (active)
[    0.339715] pnp 00:05: [dma 4]
[    0.339742] pnp 00:05: Plug and Play ACPI device, IDs PNP0200 (active)
[    0.339782] pnp 00:06: Plug and Play ACPI device, IDs PNP0b00 (active)
[    0.339817] pnp 00:07: Plug and Play ACPI device, IDs PNP0800 (active)
[    0.339892] system 00:08: [io  0x04d0-0x04d1] has been reserved
[    0.339899] system 00:08: Plug and Play ACPI device, IDs PNP0c02 (active)
[    0.339936] pnp 00:09: Plug and Play ACPI device, IDs PNP0c04 (active)
[    0.340291] pnp 00:0a: [dma 0 disabled]
[    0.340360] pnp 00:0a: Plug and Play ACPI device, IDs PNP0501 (active)
[    0.340769] system 00:0b: [io  0x04d0-0x04d1] has been reserved
[    0.340775] system 00:0b: [io  0x040b] has been reserved
[    0.340781] system 00:0b: [io  0x04d6] has been reserved
[    0.340786] system 00:0b: [io  0x0c00-0x0c01] has been reserved
[    0.340791] system 00:0b: [io  0x0c14] has been reserved
[    0.340796] system 00:0b: [io  0x0c50-0x0c51] has been reserved
[    0.340801] system 00:0b: [io  0x0c52] has been reserved
[    0.340805] system 00:0b: [io  0x0c6c] has been reserved
[    0.340810] system 00:0b: [io  0x0c6f] has been reserved
[    0.340815] system 00:0b: [io  0x0cd0-0x0cd1] has been reserved
[    0.340820] system 00:0b: [io  0x0cd2-0x0cd3] has been reserved
[    0.340825] system 00:0b: [io  0x0cd4-0x0cd5] has been reserved
[    0.340830] system 00:0b: [io  0x0cd6-0x0cd7] has been reserved
[    0.340835] system 00:0b: [io  0x0cd8-0x0cdf] has been reserved
[    0.340840] system 00:0b: [io  0x0800-0x089f] has been reserved
[    0.340845] system 00:0b: [io  0x0b20-0x0b3f] has been reserved
[    0.340850] system 00:0b: [io  0x0900-0x090f] has been reserved
[    0.340855] system 00:0b: [io  0x0910-0x091f] has been reserved
[    0.340860] system 00:0b: [io  0xfe00-0xfefe] has been reserved
[    0.340867] system 00:0b: [mem 0xfec00000-0xfec00fff] could not be reserved
[    0.340873] system 00:0b: [mem 0xfee00000-0xfee00fff] has been reserved
[    0.340878] system 00:0b: [mem 0xfed80000-0xfed8ffff] has been reserved
[    0.340883] system 00:0b: [mem 0xfed61000-0xfed70fff] has been reserved
[    0.340889] system 00:0b: [mem 0xfec10000-0xfec10fff] has been reserved
[    0.340894] system 00:0b: [mem 0xfed00000-0xfed00fff] has been reserved
[    0.340900] system 00:0b: [mem 0xff000000-0xffffffff] has been reserved
[    0.340906] system 00:0b: Plug and Play ACPI device, IDs PNP0c02 (active)
[    0.341237] pnp 00:0c: Plug and Play ACPI device, IDs PNP0103 (active)
[    0.341247] pnp: PnP ACPI: found 13 devices
[    0.341251] ACPI: bus type PNP unregistered
[    0.348735] pci 0000:00:02.4: PCI bridge to [bus 01]
[    0.348743] pci 0000:00:02.4:   bridge window [io  0xe000-0xefff]
[    0.348751] pci 0000:00:02.4:   bridge window [mem 0xfea00000-0xfeafffff]
[    0.348759] pci 0000:00:02.4:   bridge window [mem 0xd0800000-0xd08fffff 64bit pref]
[    0.348769] pci 0000:00:02.5: PCI bridge to [bus 02]
[    0.348777] pci 0000:00:02.5:   bridge window [mem 0xfe900000-0xfe9fffff]
[    0.348940] pci_bus 0000:00: resource 4 [io  0x0000-0x03af]
[    0.348944] pci_bus 0000:00: resource 5 [io  0x03e0-0x0cf7]
[    0.348947] pci_bus 0000:00: resource 6 [io  0x03b0-0x03df]
[    0.348950] pci_bus 0000:00: resource 7 [io  0x0d00-0xffff]
[    0.348953] pci_bus 0000:00: resource 8 [mem 0x000a0000-0x000bffff]
[    0.348956] pci_bus 0000:00: resource 9 [mem 0x000c0000-0x000dffff]
[    0.348959] pci_bus 0000:00: resource 10 [mem 0xc0000000-0xffffffff]
[    0.348963] pci_bus 0000:01: resource 0 [io  0xe000-0xefff]
[    0.348966] pci_bus 0000:01: resource 1 [mem 0xfea00000-0xfeafffff]
[    0.348969] pci_bus 0000:01: resource 2 [mem 0xd0800000-0xd08fffff 64bit pref]
[    0.348972] pci_bus 0000:02: resource 1 [mem 0xfe900000-0xfe9fffff]
[    0.349012] NET: Registered protocol family 2
[    0.349209] TCP established hash table entries: 32768 (order: 7, 524288 bytes)
[    0.349378] TCP bind hash table entries: 32768 (order: 7, 524288 bytes)
[    0.349515] TCP: Hash tables configured (established 32768 bind 32768)
[    0.349562] TCP: reno registered
[    0.349568] UDP hash table entries: 2048 (order: 4, 65536 bytes)
[    0.349612] UDP-Lite hash table entries: 2048 (order: 4, 65536 bytes)
[    0.349720] NET: Registered protocol family 1
[    0.349859] RPC: Registered named UNIX socket transport module.
[    0.349864] RPC: Registered udp transport module.
[    0.349868] RPC: Registered tcp transport module.
[    0.349871] RPC: Registered tcp NFSv4.1 backchannel transport module.
[    0.349887] pci 0000:00:01.0: Boot video device
[    0.498060] PCI: CLS 64 bytes, default 64
[    0.498137] PCI-DMA: Using software bounce buffering for IO (SWIOTLB)
[    0.498147] software IO TLB [mem 0x8ade5000-0x8ede5000] (64MB) mapped at [ffff88008ade5000-ffff88008ede4fff]
[    0.498400] perf: AMD NB counters detected
[    0.498409] perf: AMD L2I counters detected
[    0.498435] LVT offset 0 assigned for vector 0x400
[    0.498485] perf: AMD IBS detected (0x000000ff)
[    0.500093] audit: initializing netlink socket (disabled)
[    0.500115] type=2000 audit(1446769360.383:1): initialized
[    0.502065] VFS: Disk quotas dquot_6.5.2
[    0.502124] Dquot-cache hash table entries: 512 (order 0, 4096 bytes)
[    0.502910] NFS: Registering the id_resolver key type
[    0.502928] Key type id_resolver registered
[    0.502932] Key type id_legacy registered
[    0.502938] Installing knfsd (copyright (C) 1996 okir@monad.swb.de).
[    0.503046] NTFS driver 2.1.30 [Flags: R/W].
[    0.503113] ROMFS MTD (C) 2007 Red Hat, Inc.
[    0.503224] JFS: nTxBlock = 8192, nTxLock = 65536
[    0.505342] SGI XFS with ACLs, security attributes, large block/inode numbers, no debug enabled
[    0.505879] OCFS2 1.5.0
[    0.506024] ocfs2: Registered cluster interface o2cb
[    0.506029] OCFS2 DLMFS 1.5.0
[    0.506110] OCFS2 User DLM kernel interface loaded
[    0.506114] OCFS2 Node Manager 1.5.0
[    0.506222] OCFS2 DLM 1.5.0
[    0.506404] bio: create slab <bio-1> at 1
[    0.506595] Btrfs loaded
[    0.506607] msgmni has been set to 6613
[    0.508529] async_tx: api initialized (async)
[    0.508588] Block layer SCSI generic (bsg) driver version 0.4 loaded (major 252)
[    0.508639] io scheduler noop registered
[    0.508644] io scheduler deadline registered
[    0.508654] io scheduler cfq registered (default)
[    0.508878] pci_hotplug: PCI Hot Plug PCI Core version: 0.5
[    0.508985] efifb: probing for efifb
[    0.509098] efifb: framebuffer at 0xc0000000, mapped to 0xffffc90011700000, using 1216k, total 1216k
[    0.509103] efifb: mode is 640x480x32, linelength=2560, pages=1
[    0.509106] efifb: scrolling: redraw
[    0.509110] efifb: Truecolor: size=8:8:8:8, shift=24:16:8:0
[    0.510687] Console: switching to colour frame buffer device 80x30
[    0.512799] fb0: EFI VGA frame buffer device
[    0.513545] GHES: HEST is not enabled!
[    0.516519] Serial: 8250/16550 driver, 4 ports, IRQ sharing enabled
[    0.537797] 00:0a: ttyS0 at I/O 0x3f8 (irq = 4) is a 16550A
[    0.541093] brd: module loaded
[    0.541830] Compaq SMART2 Driver (v 2.6.0)
[    0.542593] HP CISS Driver (v 3.6.26)
[    0.543942] fnic: Cisco FCoE HBA Driver, ver 1.5.0.22
[    0.544746] fnic: Successfully Initialized Trace Buffer
[    0.545811] Adaptec aacraid driver 1.2-0[30200]-ms
[    0.546658] aic94xx: Adaptec aic94xx SAS/SATA driver version 1.0.3 loaded
[    0.547612] scsi: <fdomain> Detection failed (no card)
[    0.548436] qla2xxx [0000:00:00.0]-0005: : QLogic Fibre Channel HBA Driver: 8.05.00.03-k.
[    0.550035] Emulex LightPulse Fibre Channel SCSI driver 8.3.39
[    0.550880] Copyright(c) 2004-2009 Emulex.  All rights reserved.
[    0.551811] Brocade BFA FC/FCOE SCSI driver - version: 3.1.2.1
[    0.552750] DC390: clustering now enabled by default. If you get problems load
[    0.554465]        with "disable_clustering=1" and report to maintainers
[    0.555354] megaraid cmm: 2.20.2.7 (Release Date: Sun Jul 16 00:01:03 EST 2006)
[    0.557137] megaraid: 2.20.5.1 (Release Date: Thu Nov 16 15:32:35 EST 2006)
[    0.558074] megasas: 06.506.00.00-rc1 Sat. Feb. 9 17:00:00 PDT 2013
[    0.559013] mpt2sas version 14.100.00.00 loaded
[    0.560001] GDT-HA: Storage RAID Controller Driver. Version: 3.05
[    0.560963] 3ware Storage Controller device driver for Linux v1.26.02.003.
[    0.561909] 3ware 9000 Storage Controller device driver for Linux v2.26.02.014.
[    0.563752] LSI 3ware SAS/SATA-RAID Controller device driver for Linux v3.26.02.000.
[    0.565682] ipr: IBM Power RAID SCSI Device Driver version: 2.6.0 (November 16, 2012)
[    0.567694] RocketRAID 3xxx/4xxx Controller driver v1.8
[    0.568737] stex: Promise SuperTrak EX Driver version: 4.6.0000.4
[    0.569839] st: Version 20101219, fixed bufsize 32768, s/g segs 256
[    0.570927] ahci 0000:00:11.0: version 3.0
[    0.571081] ahci 0000:00:11.0: irq 72 for MSI/MSI-X
[    0.571141] ahci 0000:00:11.0: AHCI 0001.0300 32 slots 2 ports 6 Gbps 0x3 impl SATA mode
[    0.573158] ahci 0000:00:11.0: flags: 64bit ncq sntf ilck pm led clo pmp pio 
[    0.574590] scsi0 : ahci
[    0.575715] scsi1 : ahci
[    0.576766] ata1: SATA max UDMA/133 abar m1024@0xfeb6e000 port 0xfeb6e100 irq 72
[    0.578742] ata2: SATA max UDMA/133 abar m1024@0xfeb6e000 port 0xfeb6e180 irq 72
[    0.581904] scsi2 : pata_legacy
[    0.582929] ata3: PATA max PIO4 cmd 0x1f0 ctl 0x3f6 irq 14
[    1.040213] ata1: SATA link up 6.0 Gbps (SStatus 133 SControl 300)
[    1.041233] ata2: SATA link up 1.5 Gbps (SStatus 113 SControl 300)
[    1.042365] ata1.00: ATA-9: WDC WD5000LPVX-22V0TT0, 01.01A01, max UDMA/133
[    1.043330] ata1.00: 976773168 sectors, multi 16: LBA48 NCQ (depth 31/32), AA
[    1.044412] ata2.00: ATAPI: TSSTcorp CDDVDW SH-224DB, SB01, max UDMA/100
[    1.045544] ata1.00: configured for UDMA/133
[    1.047029] ata2.00: configured for UDMA/100
[    1.497789] tsc: Refined TSC clocksource calibration: 2046.162 MHz
[    1.498713] Switching to clocksource tsc
[    3.552079] floppy0: no floppy controllers found
[    3.553307] scsi 0:0:0:0: Direct-Access     ATA      WDC WD5000LPVX-2 01.0 PQ: 0 ANSI: 5
[    3.555234] sd 0:0:0:0: [sda] 976773168 512-byte logical blocks: (500 GB/465 GiB)
[    3.556967] sd 0:0:0:0: [sda] 4096-byte physical blocks
[    3.556972] scsi 1:0:0:0: CD-ROM            TSSTcorp CDDVDW SH-224DB  SB01 PQ: 0 ANSI: 5
[    3.559602] sd 0:0:0:0: [sda] Write Protect is off
[    3.560490] sd 0:0:0:0: [sda] Mode Sense: 00 3a 00 00
[    3.560520] sd 0:0:0:0: [sda] Write cache: enabled, read cache: enabled, doesn't support DPO or FUA
[    3.562465] sr0: scsi3-mmc drive: 48x/48x writer dvd-ram cd/rw xa/form2 cdda tray
[    3.564192] cdrom: Uniform CD-ROM driver Revision: 3.20
[    3.565196] sr 1:0:0:0: Attached scsi CD-ROM sr0
[    3.647968]  sda: sda1 sda2 sda3 sda4
[    3.649452] sd 0:0:0:0: [sda] Attached SCSI disk
[    3.650881] scsi3 : pata_legacy
[    3.651824] ata4: PATA max PIO4 cmd 0x170 ctl 0x376 irq 15
[    3.804057] I2O subsystem v1.325
[    3.804954] i2o: max drivers = 8
[    3.805957] I2O Configuration OSM v1.323
[    3.806810] I2O Bus Adapter OSM v1.317
[    3.807668] I2O Block Device OSM v1.325
[    3.808564] I2O SCSI Peripheral OSM v1.316
[    3.809388] I2O ProcFS OSM v1.316
[    3.810209] Fusion MPT base driver 3.04.20
[    3.811002] Copyright (c) 1999-2008 LSI Corporation
[    3.811790] Fusion MPT SPI Host driver 3.04.20
[    3.812572] Fusion MPT FC Host driver 3.04.20
[    3.813327] Fusion MPT SAS Host driver 3.04.20
[    3.814070] Fusion MPT misc device (ioctl) driver 3.04.20
[    3.814893] mptctl: Registered with Fusion MPT base driver
[    3.815606] mptctl: /dev/mptctl @ (major,minor=10,220)
[    3.816302] Fusion MPT LAN driver 3.04.20
[    3.817122] i8042: PNP: No PS/2 controller found. Probing ports directly.
[    3.818227] serio: i8042 KBD port at 0x60,0x64 irq 1
[    3.818921] serio: i8042 AUX port at 0x60,0x64 irq 12
[    3.819745] mousedev: PS/2 mouse device common for all mice
[    3.820439] rtc_cmos 00:06: RTC can wake from S4
[    3.821211] rtc_cmos 00:06: rtc core: registered rtc_cmos as rtc0
[    3.821887] rtc_cmos 00:06: alarms up to one month, y3k, 114 bytes nvram, hpet irqs
[    3.823181] md: linear personality registered for level -1
[    3.823853] md: raid0 personality registered for level 0
[    3.824536] md: raid1 personality registered for level 1
[    3.825202] md: raid10 personality registered for level 10
[    3.825880] md: raid6 personality registered for level 6
[    3.826566] md: raid5 personality registered for level 5
[    3.827234] md: raid4 personality registered for level 4
[    3.827892] md: multipath personality registered for level -4
[    3.828641] device-mapper: uevent: version 1.0.3
[    3.829402] device-mapper: ioctl: 4.24.0-ioctl (2013-01-15) initialised: dm-devel@redhat.com
[    3.830843] cpuidle: using governor ladder
[    3.831553] cpuidle: using governor menu
[    3.832296] input: Speakup as /devices/virtual/input/input0
[    3.833079] initialized device: /dev/synth, node (MAJOR 10, MINOR 25)
[    3.833853] speakup 3.1.6: initialized
[    3.834570] synth name on entry is: (null)
[    3.835364] TCP: cubic registered
[    3.836038] Initializing XFRM netlink socket
[    3.836738] NET: Registered protocol family 17
[    3.837456] Key type dns_resolver registered
[    3.931678] registered taskstats version 1
[    3.933091] md: Waiting for all devices to be available before autodetect
[    3.933809] md: If you don't use raid, use raid=noautodetect
[    3.934694] md: Autodetecting RAID arrays.
[    3.935361] md: Scanned 0 and added 0 devices.
[    3.936025] md: autorun ...
[    3.936693] md: ... autorun DONE.
[    3.965121] EXT3-fs (sda4): error: couldn't mount because of unsupported optional features (240)
[    3.966861] EXT2-fs (sda4): error: couldn't mount because of unsupported optional features (240)
[    4.007271] EXT4-fs (sda4): mounted filesystem with ordered data mode. Opts: (null)
[    4.008901] VFS: Mounted root (ext4 filesystem) readonly on device 8:4.
[    4.051432] devtmpfs: mounted
[    4.053700] Freeing unused kernel memory: 1268k freed
[    4.054828] Write protecting the kernel read-only data: 16384k
[    4.057716] Freeing unused kernel memory: 556k freed
[    4.061280] Freeing unused kernel memory: 796k freed
[    4.975252] loop: module loaded
[    5.157011] udevd[189]: starting version 182
[    5.932057] input: Power Button as /devices/LNXSYSTM:00/device:00/PNP0C0C:00/input/input1
[    5.933776] ACPI: Power Button [PWRB]
[    5.934672] input: Power Button as /devices/LNXSYSTM:00/LNXPWRBN:00/input/input2
[    5.936432] ACPI: Power Button [PWRF]
[    6.009252] microcode: CPU0: patch_level=0x0700010b
[    6.032865] microcode: failed to load file amd-ucode/microcode_amd_fam16h.bin
[    6.033775] microcode: CPU1: patch_level=0x0700010b
[    6.034610] microcode: CPU2: patch_level=0x0700010b
[    6.035384] microcode: CPU3: patch_level=0x0700010b
[    6.036215] microcode: Microcode Update Driver: v2.00 <tigran@aivazian.fsnet.co.uk>, Peter Oruba
[    6.084692] snd_hda_intel 0000:00:01.1: irq 73 for MSI/MSI-X
[    6.090919] input: HD-Audio Generic HDMI/DP,pcm=3 as /devices/pci0000:00/0000:00:01.1/sound/card0/input3
[    6.138402] wmi: Mapper loaded
[    6.147452] input: HD-Audio Generic Line Out as /devices/pci0000:00/0000:00:14.2/sound/card1/input4
[    6.149171] input: HD-Audio Generic Line as /devices/pci0000:00/0000:00:14.2/sound/card1/input5
[    6.151014] input: HD-Audio Generic Rear Mic as /devices/pci0000:00/0000:00:14.2/sound/card1/input6
[    6.163721] xhci_hcd 0000:00:10.0: xHCI Host Controller
[    6.164790] xhci_hcd 0000:00:10.0: new USB bus registered, assigned bus number 1
[    6.166868] xhci_hcd 0000:00:10.0: irq 74 for MSI/MSI-X
[    6.166876] xhci_hcd 0000:00:10.0: irq 75 for MSI/MSI-X
[    6.166883] xhci_hcd 0000:00:10.0: irq 76 for MSI/MSI-X
[    6.166889] xhci_hcd 0000:00:10.0: irq 77 for MSI/MSI-X
[    6.166895] xhci_hcd 0000:00:10.0: irq 78 for MSI/MSI-X
[    6.167016] usb usb1: New USB device found, idVendor=1d6b, idProduct=0002
[    6.167965] usb usb1: New USB device strings: Mfr=3, Product=2, SerialNumber=1
[    6.169810] usb usb1: Product: xHCI Host Controller
[    6.170737] usb usb1: Manufacturer: Linux 3.10.17 xhci_hcd
[    6.171666] usb usb1: SerialNumber: 0000:00:10.0
[    6.172727] xHCI xhci_add_endpoint called for root hub
[    6.172730] xHCI xhci_check_bandwidth called for root hub
[    6.172765] hub 1-0:1.0: USB hub found
[    6.173671] hub 1-0:1.0: 2 ports detected
[    6.174639] xhci_hcd 0000:00:10.0: xHCI Host Controller
[    6.175621] xhci_hcd 0000:00:10.0: new USB bus registered, assigned bus number 2
[    6.177506] usb usb2: New USB device found, idVendor=1d6b, idProduct=0003
[    6.178455] usb usb2: New USB device strings: Mfr=3, Product=2, SerialNumber=1
[    6.180259] usb usb2: Product: xHCI Host Controller
[    6.181185] usb usb2: Manufacturer: Linux 3.10.17 xhci_hcd
[    6.182093] usb usb2: SerialNumber: 0000:00:10.0
[    6.183137] xHCI xhci_add_endpoint called for root hub
[    6.183140] xHCI xhci_check_bandwidth called for root hub
[    6.183178] hub 2-0:1.0: USB hub found
[    6.184033] hub 2-0:1.0: 2 ports detected
[    6.188450] xhci_hcd 0000:02:00.0: xHCI Host Controller
[    6.189363] xhci_hcd 0000:02:00.0: new USB bus registered, assigned bus number 3
[    6.208248] parport_pc 00:03: reported by Plug and Play ACPI
[    6.209149] parport0: PC-style at 0x378, irq 5 [PCSPP,TRISTATE]
[    6.251293] xhci_hcd 0000:02:00.0: irq 79 for MSI/MSI-X
[    6.251313] xhci_hcd 0000:02:00.0: irq 80 for MSI/MSI-X
[    6.251322] xhci_hcd 0000:02:00.0: irq 81 for MSI/MSI-X
[    6.251328] xhci_hcd 0000:02:00.0: irq 82 for MSI/MSI-X
[    6.251334] xhci_hcd 0000:02:00.0: irq 83 for MSI/MSI-X
[    6.251468] usb usb3: New USB device found, idVendor=1d6b, idProduct=0002
[    6.252277] usb usb3: New USB device strings: Mfr=3, Product=2, SerialNumber=1
[    6.253820] usb usb3: Product: xHCI Host Controller
[    6.254604] usb usb3: Manufacturer: Linux 3.10.17 xhci_hcd
[    6.255392] usb usb3: SerialNumber: 0000:02:00.0
[    6.256318] xHCI xhci_add_endpoint called for root hub
[    6.256321] xHCI xhci_check_bandwidth called for root hub
[    6.256357] hub 3-0:1.0: USB hub found
[    6.257137] hub 3-0:1.0: 2 ports detected
[    6.258015] xhci_hcd 0000:02:00.0: xHCI Host Controller
[    6.258878] xhci_hcd 0000:02:00.0: new USB bus registered, assigned bus number 4
[    6.260483] usb usb4: New USB device found, idVendor=1d6b, idProduct=0003
[    6.261278] usb usb4: New USB device strings: Mfr=3, Product=2, SerialNumber=1
[    6.261731] ppdev: user-space parallel port driver
[    6.263604] usb usb4: Product: xHCI Host Controller
[    6.264393] usb usb4: Manufacturer: Linux 3.10.17 xhci_hcd
[    6.265182] usb usb4: SerialNumber: 0000:02:00.0
[    6.266088] xHCI xhci_add_endpoint called for root hub
[    6.266091] xHCI xhci_check_bandwidth called for root hub
[    6.266132] hub 4-0:1.0: USB hub found
[    6.266931] hub 4-0:1.0: 2 ports detected
[    6.322639] ehci_hcd: USB 2.0 'Enhanced' Host Controller (EHCI) Driver
[    6.323657] kvm: Nested Virtualization enabled
[    6.324166] ohci_hcd: USB 1.1 'Open' Host Controller (OHCI) Driver
[    6.324365] ohci_hcd 0000:00:12.0: OHCI Host Controller
[    6.324455] ohci_hcd 0000:00:12.0: new USB bus registered, assigned bus number 5
[    6.324497] ohci_hcd 0000:00:12.0: irq 18, io mem 0xfeb6d000
[    6.328320] kvm: Nested Paging enabled
[    6.362799] ehci-pci: EHCI PCI platform driver
[    6.378235] usb usb5: New USB device found, idVendor=1d6b, idProduct=0001
[    6.379061] usb usb5: New USB device strings: Mfr=3, Product=2, SerialNumber=1
[    6.380667] usb usb5: Product: OHCI Host Controller
[    6.381502] usb usb5: Manufacturer: Linux 3.10.17 ohci_hcd
[    6.382339] usb usb5: SerialNumber: 0000:00:12.0
[    6.383316] hub 5-0:1.0: USB hub found
[    6.384101] hub 5-0:1.0: 4 ports detected
[    6.385126] ohci_hcd 0000:00:13.0: OHCI Host Controller
[    6.385969] ohci_hcd 0000:00:13.0: new USB bus registered, assigned bus number 6
[    6.387499] ohci_hcd 0000:00:13.0: irq 18, io mem 0xfeb6b000
[    6.406436] r8169 Gigabit Ethernet driver 2.3LK-NAPI loaded
[    6.409569] r8169 0000:01:00.0: irq 84 for MSI/MSI-X
[    6.409745] r8169 0000:01:00.0 eth0: RTL8168g/8111g at 0xffffc900127b2000, 10:c3:7b:9e:84:28, XID 0c000800 IRQ 84
[    6.411400] r8169 0000:01:00.0 eth0: jumbo features [frames: 9200 bytes, tx checksumming: ko]
[    6.443384] usb usb6: New USB device found, idVendor=1d6b, idProduct=0001
[    6.444379] usb usb6: New USB device strings: Mfr=3, Product=2, SerialNumber=1
[    6.446105] usb usb6: Product: OHCI Host Controller
[    6.446974] usb usb6: Manufacturer: Linux 3.10.17 ohci_hcd
[    6.447837] usb usb6: SerialNumber: 0000:00:13.0
[    6.448909] hub 6-0:1.0: USB hub found
[    6.449763] hub 6-0:1.0: 4 ports detected
[    6.451004] ehci-pci 0000:00:12.2: EHCI Host Controller
[    6.451913] ehci-pci 0000:00:12.2: new USB bus registered, assigned bus number 7
[    6.453525] ehci-pci 0000:00:12.2: applying AMD SB700/SB800/Hudson-2/3 EHCI dummy qh workaround
[    6.455229] ehci-pci 0000:00:12.2: debug port 1
[    6.456159] ehci-pci 0000:00:12.2: irq 17, io mem 0xfeb6c000
[    6.462152] ehci-pci 0000:00:12.2: USB 2.0 started, EHCI 1.00
[    6.463061] usb usb7: New USB device found, idVendor=1d6b, idProduct=0002
[    6.463959] usb usb7: New USB device strings: Mfr=3, Product=2, SerialNumber=1
[    6.465664] usb usb7: Product: EHCI Host Controller
[    6.466531] usb usb7: Manufacturer: Linux 3.10.17 ehci_hcd
[    6.467388] usb usb7: SerialNumber: 0000:00:12.2
[    6.468370] hub 7-0:1.0: USB hub found
[    6.469183] hub 7-0:1.0: 4 ports detected
[    6.485719] ACPI: acpi_idle registered with cpuidle
[    6.519166] hub 5-0:1.0: USB hub found
[    6.519928] hub 5-0:1.0: 4 ports detected
[    6.521030] ehci-pci 0000:00:13.2: EHCI Host Controller
[    6.521839] ehci-pci 0000:00:13.2: new USB bus registered, assigned bus number 8
[    6.523270] ehci-pci 0000:00:13.2: applying AMD SB700/SB800/Hudson-2/3 EHCI dummy qh workaround
[    6.524803] ehci-pci 0000:00:13.2: debug port 1
[    6.525632] ehci-pci 0000:00:13.2: irq 17, io mem 0xfeb6a000
[    6.532112] ehci-pci 0000:00:13.2: USB 2.0 started, EHCI 1.00
[    6.532917] usb usb8: New USB device found, idVendor=1d6b, idProduct=0002
[    6.533704] usb usb8: New USB device strings: Mfr=3, Product=2, SerialNumber=1
[    6.535181] usb usb8: Product: EHCI Host Controller
[    6.535927] usb usb8: Manufacturer: Linux 3.10.17 ehci_hcd
[    6.536688] usb usb8: SerialNumber: 0000:00:13.2
[    6.537593] hub 8-0:1.0: USB hub found
[    6.538337] hub 8-0:1.0: 4 ports detected
[    6.588106] hub 6-0:1.0: USB hub found
[    6.588822] hub 6-0:1.0: 4 ports detected
[    6.589640] piix4_smbus 0000:00:14.0: SMBus Host Controller at 0xb00, revision 0
[    6.591924] asus_wmi: ASUS WMI generic driver loaded
[    6.597552] asus_wmi: Initialization: 0x0asus_wmi: BIOS WMI version: 0.9
[    6.598441] asus_wmi: SFUN value: 0x0<6>[    6.599726] input: Eee PC WMI hotkeys as /devices/platform/eeepc-wmi/input/input7
[    6.602581] asus_wmi: Disabling ACPI video driver
[    6.604591] i2c /dev entries driver
[    6.606710] acpi-cpufreq: overriding BIOS provided _PSD data
[    6.771069] usb 7-2: new high-speed USB device number 2 using ehci-pci
[    6.900106] usb 7-2: New USB device found, idVendor=1e4e, idProduct=0102
[    6.900921] usb 7-2: New USB device strings: Mfr=1, Product=2, SerialNumber=0
[    6.901705] usb 7-2: Product: USB2.0 Camera
[    6.902489] usb 7-2: Manufacturer: Etron Technology, Inc.
[    7.237639] usb 5-3: new low-speed USB device number 2 using ohci_hcd
[    7.403518] usb 5-3: New USB device found, idVendor=04d9, idProduct=1702
[    7.404357] usb 5-3: New USB device strings: Mfr=1, Product=2, SerialNumber=0
[    7.405151] usb 5-3: Product: USB Keyboard
[    7.405934] usb 5-3: Manufacturer:  
[    7.635281] usb 5-4: new low-speed USB device number 3 using ohci_hcd
[    7.685844] Linux video capture interface: v2.00
[    7.747694] uvcvideo: Found UVC 1.00 device USB2.0 Camera (1e4e:0102)
[    7.755038] input: USB2.0 Camera as /devices/pci0000:00/0000:00:12.2/usb7/7-2/7-2:1.0/input/input8
[    7.756901] usbcore: registered new interface driver uvcvideo
[    7.757789] USB Video Class driver (1.1.1)
[    7.789963] usb 5-4: New USB device found, idVendor=1241, idProduct=1166
[    7.790865] usb 5-4: New USB device strings: Mfr=0, Product=0, SerialNumber=0
[    8.133913] hidraw: raw HID events driver (C) Jiri Kosina
[    8.231711] usbcore: registered new interface driver usbhid
[    8.232611] usbhid: USB HID core driver
[    8.279964] input:   USB Keyboard as /devices/pci0000:00/0000:00:12.0/usb5/5-3/5-3:1.0/input/input9
[    8.281882] hid-generic 0003:04D9:1702.0001: input,hidraw0: USB HID v1.10 Keyboard [  USB Keyboard] on usb-0000:00:12.0-3/input0
[    8.287630] input:   USB Keyboard as /devices/pci0000:00/0000:00:12.0/usb5/5-3/5-3:1.1/input/input10
[    8.289683] hid-generic 0003:04D9:1702.0002: input,hidraw1: USB HID v1.10 Device [  USB Keyboard] on usb-0000:00:12.0-3/input1
[    8.291871] input: HID 1241:1166 as /devices/pci0000:00/0000:00:12.0/usb5/5-4/5-4:1.0/input/input11
[    8.294074] hid-generic 0003:1241:1166.0003: input,hidraw2: USB HID v1.10 Mouse [HID 1241:1166] on usb-0000:00:12.0-4/input0
[    8.582448] Adding 4194300k swap on /dev/sda2.  Priority:-1 extents:1 across:4194300k 
[    8.686659] fuse init (API version 7.22)
[    9.344346] EXT4-fs (sda4): re-mounted. Opts: (null)
[    9.770633] lp0: using parport0 (interrupt-driven).
[    9.771638] lp0: console ready
[    9.777104] Linux agpgart interface v0.103
[   15.624179] r8169 0000:01:00.0 eth0: link down
[   15.624195] r8169 0000:01:00.0 eth0: link down
[   16.551006] NET: Registered protocol family 10
[   16.551489] IPv6: ADDRCONF(NETDEV_UP): eth0: link is not ready
[   17.219201] r8169 0000:01:00.0 eth0: link up
[   17.219218] IPv6: ADDRCONF(NETDEV_CHANGE): eth0: link becomes ready
